interactions:
  - request:
      body: null
      headers:
        Accept: [application/json]
        Connection: [close]
        Host: [api.themoviedb.org]
        User-Agent: [Python-urllib/2.7]
      method: GET
      uri: http://api.themoviedb.org/3/movie/tt0936501?api_key=bdfc018dbdb7c243dc7cb1454ff74b95&language=en
    response:
      body: {string: "{\"adult\":false,\"backdrop_path\":\"/d5vwBiuJI1a2hBcGjhsWhpmAkL7.jpg\"\
          ,\"belongs_to_collection\":{\"id\":135483,\"name\":\"Taken Collection\"\
          ,\"poster_path\":\"/4PNFiSaJWvWhkdOw0KF9Vf7v3gC.jpg\",\"backdrop_path\"\
          :\"/hO1R1TI429PjkOjby4dTPBrWFwn.jpg\"},\"budget\":25000000,\"genres\":[{\"\
          id\":28,\"name\":\"Action\"},{\"id\":53,\"name\":\"Thriller\"},{\"id\":80,\"\
          name\":\"Crime\"}],\"homepage\":\"\",\"id\":8681,\"imdb_id\":\"tt0936501\"\
          ,\"original_language\":\"en\",\"original_title\":\"Taken\",\"overview\"\
          :\"While vacationing with a friend in Paris, an American girl is kidnapped\
          \ by a gang of human traffickers intent on selling her into forced prostitution.\
          \ Working against the clock, her ex-spy father must pull out all the stops\
          \ to save her. But with his best years possibly behind him, the job may\
          \ be more than he can handle.\",\"popularity\":4.143412,\"poster_path\"\
          :\"/3zlffXmo7QpVBc17QIJWrRfasVr.jpg\",\"production_companies\":[{\"name\"\
          :\"20th Century Fox\",\"id\":25},{\"name\":\"Canal Plus\",\"id\":104},{\"\
          name\":\"M6 Films\",\"id\":1115},{\"name\":\"TPS Star\",\"id\":6586},{\"\
          name\":\"Grive Productions\",\"id\":6877},{\"name\":\"EuropaCorp\",\"id\"\
          :6896},{\"name\":\"M6\",\"id\":11261},{\"name\":\"Wintergreen Productions\"\
          ,\"id\":11845},{\"name\":\"All Pictures Media\",\"id\":23614}],\"production_countries\"\
          :[{\"iso_3166_1\":\"FR\",\"name\":\"France\"},{\"iso_3166_1\":\"GB\",\"\
          name\":\"United Kingdom\"},{\"iso_3166_1\":\"US\",\"name\":\"United States\
          \ of America\"}],\"release_date\":\"2008-02-24\",\"revenue\":226830568,\"\
          runtime\":93,\"spoken_languages\":[{\"iso_639_1\":\"en\",\"name\":\"English\"\
          },{\"iso_639_1\":\"fr\",\"name\":\"Fran\xE7ais\"},{\"iso_639_1\":\"ar\"\
          ,\"name\":\"\u0627\u0644\u0639\u0631\u0628\u064A\u0629\"},{\"iso_639_1\"\
          :\"sq\",\"name\":\"shqip\"}],\"status\":\"Released\",\"tagline\":\"They\
          \ took his daughter.  He'll take their lives.\",\"title\":\"Taken\",\"video\"\
          :false,\"vote_average\":7.1,\"vote_count\":2500}"}
      headers:
        access-control-allow-origin: ['*']
        cache-control: ['public, max-age=28800']
        connection: [Close]
        content-length: ['1715']
        content-type: [application/json;charset=utf-8]
        date: ['Fri, 04 Mar 2016 01:54:57 GMT']
        etag: ['"98cc1b78d839ad97194f4d1a933f71f6"']
        server: [openresty]
        status: [200 OK]
        vary: [Accept-Encoding]
        x-memc: [HIT]
        x-memc-age: ['26252']
        x-memc-expires: ['2548']
        x-memc-key: [97e03187858c21f61b2d44d29dbc10db]
        x-ratelimit-limit: ['40']
        x-ratelimit-remaining: ['39']
        x-ratelimit-reset: ['1457056507']
      status: {code: 200, message: OK}
  - request:
      body: null
      headers:
        Accept: [application/json]
        Connection: [close]
        Host: [api.themoviedb.org]
        User-Agent: [Python-urllib/2.7]
      method: GET
      uri: http://api.themoviedb.org/3/movie/8681?api_key=bdfc018dbdb7c243dc7cb1454ff74b95&language=en
    response:
      body: {string: "{\"adult\":false,\"backdrop_path\":\"/d5vwBiuJI1a2hBcGjhsWhpmAkL7.jpg\"\
          ,\"belongs_to_collection\":{\"id\":135483,\"name\":\"Taken Collection\"\
          ,\"poster_path\":\"/4PNFiSaJWvWhkdOw0KF9Vf7v3gC.jpg\",\"backdrop_path\"\
          :\"/hO1R1TI429PjkOjby4dTPBrWFwn.jpg\"},\"budget\":25000000,\"genres\":[{\"\
          id\":28,\"name\":\"Action\"},{\"id\":53,\"name\":\"Thriller\"},{\"id\":80,\"\
          name\":\"Crime\"}],\"homepage\":\"\",\"id\":8681,\"imdb_id\":\"tt0936501\"\
          ,\"original_language\":\"en\",\"original_title\":\"Taken\",\"overview\"\
          :\"While vacationing with a friend in Paris, an American girl is kidnapped\
          \ by a gang of human traffickers intent on selling her into forced prostitution.\
          \ Working against the clock, her ex-spy father must pull out all the stops\
          \ to save her. But with his best years possibly behind him, the job may\
          \ be more than he can handle.\",\"popularity\":4.143412,\"poster_path\"\
          :\"/3zlffXmo7QpVBc17QIJWrRfasVr.jpg\",\"production_companies\":[{\"name\"\
          :\"20th Century Fox\",\"id\":25},{\"name\":\"Canal Plus\",\"id\":104},{\"\
          name\":\"M6 Films\",\"id\":1115},{\"name\":\"TPS Star\",\"id\":6586},{\"\
          name\":\"Grive Productions\",\"id\":6877},{\"name\":\"EuropaCorp\",\"id\"\
          :6896},{\"name\":\"M6\",\"id\":11261},{\"name\":\"Wintergreen Productions\"\
          ,\"id\":11845},{\"name\":\"All Pictures Media\",\"id\":23614}],\"production_countries\"\
          :[{\"iso_3166_1\":\"FR\",\"name\":\"France\"},{\"iso_3166_1\":\"GB\",\"\
          name\":\"United Kingdom\"},{\"iso_3166_1\":\"US\",\"name\":\"United States\
          \ of America\"}],\"release_date\":\"2008-02-24\",\"revenue\":226830568,\"\
          runtime\":93,\"spoken_languages\":[{\"iso_639_1\":\"en\",\"name\":\"English\"\
          },{\"iso_639_1\":\"fr\",\"name\":\"Fran\xE7ais\"},{\"iso_639_1\":\"ar\"\
          ,\"name\":\"\u0627\u0644\u0639\u0631\u0628\u064A\u0629\"},{\"iso_639_1\"\
          :\"sq\",\"name\":\"shqip\"}],\"status\":\"Released\",\"tagline\":\"They\
          \ took his daughter.  He'll take their lives.\",\"title\":\"Taken\",\"video\"\
          :false,\"vote_average\":7.1,\"vote_count\":2500}"}
      headers:
        access-control-allow-origin: ['*']
        cache-control: ['public, max-age=28800']
        connection: [Close]
        content-length: ['1715']
        content-type: [application/json;charset=utf-8]
        date: ['Fri, 04 Mar 2016 01:54:57 GMT']
        etag: ['"98cc1b78d839ad97194f4d1a933f71f6"']
        server: [openresty]
        status: [200 OK]
        vary: [Accept-Encoding]
        x-memc: [HIT]
        x-memc-age: ['10462']
        x-memc-expires: ['18338']
        x-memc-key: [5a83165c56fc93c8aa4de882d3298a4a]
        x-ratelimit-limit: ['40']
        x-ratelimit-remaining: ['38']
        x-ratelimit-reset: ['1457056507']
      status: {code: 200, message: OK}
  - request:
      body: null
      headers:
        Accept: [application/json]
        Connection: [close]
        Host: [api.themoviedb.org]
        User-Agent: [Python-urllib/2.7]
      method: GET
      uri: http://api.themoviedb.org/3/movie/8681/translations?api_key=bdfc018dbdb7c243dc7cb1454ff74b95
    response:
      body: {string: "{\"id\":8681,\"translations\":[{\"iso_639_1\":\"en\",\"name\"\
          :\"English\",\"english_name\":\"English\"},{\"iso_639_1\":\"de\",\"name\"\
          :\"Deutsch\",\"english_name\":\"German\"},{\"iso_639_1\":\"ru\",\"name\"\
          :\"P\u0443\u0441\u0441\u043A\u0438\u0439\",\"english_name\":\"Russian\"\
          },{\"iso_639_1\":\"sk\",\"name\":\"Sloven\u010Dina\",\"english_name\":\"\
          Slovak\"},{\"iso_639_1\":\"da\",\"name\":\"Dansk\",\"english_name\":\"Danish\"\
          },{\"iso_639_1\":\"cs\",\"name\":\"\u010Cesk\xFD\",\"english_name\":\"Czech\"\
          },{\"iso_639_1\":\"hu\",\"name\":\"Magyar\",\"english_name\":\"Hungarian\"\
          },{\"iso_639_1\":\"nl\",\"name\":\"Nederlands\",\"english_name\":\"Dutch\"\
          },{\"iso_639_1\":\"it\",\"name\":\"Italiano\",\"english_name\":\"Italian\"\
          },{\"iso_639_1\":\"tr\",\"name\":\"T\xFCrk\xE7e\",\"english_name\":\"Turkish\"\
          },{\"iso_639_1\":\"pt\",\"name\":\"Portugu\xEAs\",\"english_name\":\"Portuguese\"\
          },{\"iso_639_1\":\"fr\",\"name\":\"Fran\xE7ais\",\"english_name\":\"French\"\
          },{\"iso_639_1\":\"fr\",\"name\":\"Fran\xE7ais\",\"english_name\":\"French\"\
          },{\"iso_639_1\":\"sv\",\"name\":\"svenska\",\"english_name\":\"Swedish\"\
          },{\"iso_639_1\":\"zh\",\"name\":\"\u666E\u901A\u8BDD\",\"english_name\"\
          :\"Mandarin\"},{\"iso_639_1\":\"pl\",\"name\":\"Polski\",\"english_name\"\
          :\"Polish\"},{\"iso_639_1\":\"fi\",\"name\":\"suomi\",\"english_name\":\"\
          Finnish\"},{\"iso_639_1\":\"es\",\"name\":\"Espa\xF1ol\",\"english_name\"\
          :\"Spanish\"},{\"iso_639_1\":\"bg\",\"name\":\"\u0431\u044A\u043B\u0433\u0430\
          \u0440\u0441\u043A\u0438 \u0435\u0437\u0438\u043A\",\"english_name\":\"\
          Bulgarian\"},{\"iso_639_1\":\"he\",\"name\":\"\u05E2\u05B4\u05D1\u05B0\u05E8\
          \u05B4\u05D9\u05EA\",\"english_name\":\"Hebrew\"},{\"iso_639_1\":\"no\"\
          ,\"name\":\"Norsk\",\"english_name\":\"Norwegian\"},{\"iso_639_1\":\"th\"\
          ,\"name\":\"\u0E20\u0E32\u0E29\u0E32\u0E44\u0E17\u0E22\",\"english_name\"\
          :\"Thai\"},{\"iso_639_1\":\"el\",\"name\":\"\u03B5\u03BB\u03BB\u03B7\u03BD\
          \u03B9\u03BA\u03AC\",\"english_name\":\"Greek\"},{\"iso_639_1\":\"ja\",\"\
          name\":\"\u65E5\u672C\u8A9E\",\"english_name\":\"Japanese\"},{\"iso_639_1\"\
          :\"ro\",\"name\":\"Rom\xE2n\u0103\",\"english_name\":\"Romanian\"},{\"iso_639_1\"\
          :\"ko\",\"name\":\"\uD55C\uAD6D\uC5B4/\uC870\uC120\uB9D0\",\"english_name\"\
          :\"Korean\"}]}"}
      headers:
        access-control-allow-origin: ['*']
        cache-control: ['public, max-age=28800']
        connection: [Close]
        content-length: ['1693']
        content-type: [application/json;charset=utf-8]
        date: ['Fri, 04 Mar 2016 01:54:57 GMT']
        etag: ['"5c1b72cb9be9f0f063ea88875d4a163a"']
        server: [openresty]
        status: [200 OK]
        vary: [Accept-Encoding]
        x-memc: [HIT]
        x-memc-age: ['7278']
        x-memc-expires: ['21522']
        x-memc-key: [d4f64d83f7764856670da65c2f13d113]
        x-ratelimit-limit: ['40']
        x-ratelimit-remaining: ['37']
        x-ratelimit-reset: ['1457056507']
      status: {code: 200, message: OK}
  - request:
      body: null
      headers:
        Accept: [application/json]
        Connection: [close]
        Host: [api.themoviedb.org]
        User-Agent: [Python-urllib/2.7]
      method: GET
      uri: http://api.themoviedb.org/3/movie/8681/alternative_titles?api_key=bdfc018dbdb7c243dc7cb1454ff74b95
    response:
      body: {string: "{\"id\":8681,\"titles\":[{\"iso_3166_1\":\"MX\",\"title\":\"\
          B\xFAsqueda implacable\"},{\"iso_3166_1\":\"TW\",\"title\":\"\u5373\u523B\
          \u6551\u63F4\"},{\"iso_3166_1\":\"VE\",\"title\":\"B\xFAsqueda Implacable\"\
          },{\"iso_3166_1\":\"CA\",\"title\":\"Taken 1\"},{\"iso_3166_1\":\"CA\",\"\
          title\":\"L'Enl\xE8vement\"},{\"iso_3166_1\":\"HK\",\"title\":\"\u6551\u53C3\
          96\u5C0F\u6642\"},{\"iso_3166_1\":\"AT\",\"title\":\"96 Hours\"},{\"iso_3166_1\"\
          :\"DE\",\"title\":\"Taken 1 - 96 hours 2008\"},{\"iso_3166_1\":\"IT\",\"\
          title\":\"Io vi trover\xF2\"},{\"iso_3166_1\":\"GR\",\"title\":\"\u0397\
          \ \u0391\u03C1\u03C0\u03B1\u03B3\u03AE\"}]}"}
      headers:
        access-control-allow-origin: ['*']
        cache-control: ['public, max-age=28800']
        connection: [Close]
        content-length: ['478']
        content-type: [application/json;charset=utf-8]
        date: ['Fri, 04 Mar 2016 01:54:57 GMT']
        etag: ['"ba3bab2a7f053f5e0fd1041e922309dd"']
        server: [openresty]
        status: [200 OK]
        x-memc: [HIT]
        x-memc-age: ['2353']
        x-memc-expires: ['26447']
        x-memc-key: [8ccd30827fd22a02fafdfa16c87252c4]
        x-ratelimit-limit: ['40']
        x-ratelimit-remaining: ['36']
        x-ratelimit-reset: ['1457056507']
      status: {code: 200, message: OK}
  - request:
      body: null
      headers:
        Accept: [application/json]
        Connection: [close]
        Host: [api.themoviedb.org]
        User-Agent: [Python-urllib/2.7]
      method: GET
      uri: http://api.themoviedb.org/3/movie/8681/trailers?api_key=bdfc018dbdb7c243dc7cb1454ff74b95&language=en
    response:
      body: {string: '{"id":8681,"quicktime":[],"youtube":[{"name":"Trailer 1","size":"HD","source":"CvUxdQ4q-Lg","type":"Trailer"}]}'}
      headers:
        access-control-allow-origin: ['*']
        cache-control: ['public, max-age=28800']
        connection: [Close]
        content-length: ['111']
        content-type: [application/json;charset=utf-8]
        date: ['Fri, 04 Mar 2016 01:54:57 GMT']
        etag: ['"140aec4d2edabc05f9bdfab809117a6c"']
        server: [openresty]
        status: [200 OK]
        x-memc: [HIT]
        x-memc-age: ['16799']
        x-memc-expires: ['12001']
        x-memc-key: [df5c8c7006034b60c4d0b17b0575c8f6]
        x-ratelimit-limit: ['40']
        x-ratelimit-remaining: ['35']
        x-ratelimit-reset: ['1457056507']
      status: {code: 200, message: OK}
  - request:
      body: null
      headers:
        Accept: [application/json]
        Connection: [close]
        Host: [api.themoviedb.org]
        User-Agent: [Python-urllib/2.7]
      method: GET
      uri: http://api.themoviedb.org/3/movie/8681/images?api_key=bdfc018dbdb7c243dc7cb1454ff74b95
    response:
      body: {string: '{"id":8681,"backdrops":[{"aspect_ratio":1.77777777777778,"file_path":"/d5vwBiuJI1a2hBcGjhsWhpmAkL7.jpg","height":1080,"iso_639_1":null,"vote_average":5.45561434450323,"vote_count":18,"width":1920},{"aspect_ratio":1.77777777777778,"file_path":"/lcqVBBirzzX520AyOK3k7kXBDJ6.jpg","height":1080,"iso_639_1":null,"vote_average":5.42857142857143,"vote_count":17,"width":1920},{"aspect_ratio":1.77777777777778,"file_path":"/aI8luIcMpYZPixrEc70pARrHBwE.jpg","height":1080,"iso_639_1":null,"vote_average":5.39880952380952,"vote_count":17,"width":1920},{"aspect_ratio":1.77777777777778,"file_path":"/aMbYR4epIMImnaJKLnSaZGnfZCM.jpg","height":1080,"iso_639_1":null,"vote_average":5.3125,"vote_count":1,"width":1920},{"aspect_ratio":1.77777777777778,"file_path":"/d0nzBeDNOANwaygmHi8AFO11G2S.jpg","height":720,"iso_639_1":null,"vote_average":5.31084656084656,"vote_count":9,"width":1280},{"aspect_ratio":1.77777777777778,"file_path":"/aVXOOdQRD9Inpbk9Yv6QVZ8Ir1t.jpg","height":1080,"iso_639_1":null,"vote_average":5.28375733855186,"vote_count":10,"width":1920},{"aspect_ratio":1.77777777777778,"file_path":"/tVNbXCFtU1Fz3zlXo5FZFvpMr1T.jpg","height":1080,"iso_639_1":null,"vote_average":5.28011204481793,"vote_count":5,"width":1920},{"aspect_ratio":1.77777777777778,"file_path":"/fSPNK4y8HYePM6799zwWxcL0sQf.jpg","height":720,"iso_639_1":null,"vote_average":5.27310924369748,"vote_count":5,"width":1280},{"aspect_ratio":1.77777777777778,"file_path":"/kKPYFhwKc67I5FYYZGI8snk0EnZ.jpg","height":720,"iso_639_1":null,"vote_average":5.23809523809524,"vote_count":4,"width":1280},{"aspect_ratio":1.77777777777778,"file_path":"/gkX7b2Yt2ZFHlLZSn8GtnhrHHGZ.jpg","height":720,"iso_639_1":null,"vote_average":5.23809523809524,"vote_count":4,"width":1280},{"aspect_ratio":1.77777777777778,"file_path":"/A5HhdivwxCIHKizmRfx36sFXrGk.jpg","height":720,"iso_639_1":null,"vote_average":5.23098791755508,"vote_count":4,"width":1280},{"aspect_ratio":1.77777777777778,"file_path":"/lqaadLDqyWAE4ffvPvz1GIGlYto.jpg","height":720,"iso_639_1":null,"vote_average":5.21677327647477,"vote_count":4,"width":1280},{"aspect_ratio":1.77777777777778,"file_path":"/Ag0b7cmNaa0gn1qCzCZzBKVh3ZM.jpg","height":720,"iso_639_1":null,"vote_average":5.21677327647477,"vote_count":4,"width":1280},{"aspect_ratio":1.77777777777778,"file_path":"/7On0XrMjSNH8e4oeDOMn7icwPIV.jpg","height":1080,"iso_639_1":"en","vote_average":5.19727891156463,"vote_count":7,"width":1920},{"aspect_ratio":1.77843601895735,"file_path":"/hfplpRLkSXCa0kcc90j7evtrQoU.jpg","height":844,"iso_639_1":null,"vote_average":5.19114688128773,"vote_count":8,"width":1501},{"aspect_ratio":1.77817319098458,"file_path":"/dqQMrapcLFtDc8u45a66LhmIqnd.jpg","height":843,"iso_639_1":null,"vote_average":5.19047619047619,"vote_count":7,"width":1499},{"aspect_ratio":1.77777777777778,"file_path":"/xVqYUC4jaqkdYrka5mDUrY32SEh.jpg","height":1080,"iso_639_1":null,"vote_average":5.18834399431414,"vote_count":4,"width":1920},{"aspect_ratio":1.77777777777778,"file_path":"/g37j2Hls1dXyTGumuGQWvLEMXJr.jpg","height":1080,"iso_639_1":"en","vote_average":5.14550264550265,"vote_count":9,"width":1920},{"aspect_ratio":1.77777777777778,"file_path":"/4fcwSqMFceN6oh8HxdwPQtmKdTJ.jpg","height":1080,"iso_639_1":null,"vote_average":5.12226512226512,"vote_count":11,"width":1920},{"aspect_ratio":1.77777777777778,"file_path":"/6RCei4prK140LuqSrgOdEiBFTZ.jpg","height":720,"iso_639_1":null,"vote_average":5.11415525114155,"vote_count":10,"width":1280},{"aspect_ratio":1.77777777777778,"file_path":"/xUgX2fpP2eUqnJDrtIfngZXUo6d.jpg","height":720,"iso_639_1":"en","vote_average":5.0989010989011,"vote_count":2,"width":1280},{"aspect_ratio":1.77777777777778,"file_path":"/qFl2DPE2acIuutWiQn4er5JWOvv.jpg","height":720,"iso_639_1":null,"vote_average":5.09316770186335,"vote_count":6,"width":1280},{"aspect_ratio":1.77777777777778,"file_path":"/5RzNyRpNoPplPViantqJcCuGiDO.jpg","height":1080,"iso_639_1":null,"vote_average":5.07936507936508,"vote_count":9,"width":1920},{"aspect_ratio":1.77777777777778,"file_path":"/gPzoYwDrHlvkhFxfPzFzKtrY8fA.jpg","height":1080,"iso_639_1":null,"vote_average":5.03968253968254,"vote_count":9,"width":1920},{"aspect_ratio":1.77777777777778,"file_path":"/sB5DaVEYXdPXhf9mKygVpWMJQmX.jpg","height":1080,"iso_639_1":null,"vote_average":4.99299719887955,"vote_count":5,"width":1920},{"aspect_ratio":1.77777777777778,"file_path":"/2voAsVS0KzuYqqI1d01pR7QotI.jpg","height":1080,"iso_639_1":"en","vote_average":0.0,"vote_count":0,"width":1920}],"posters":[{"aspect_ratio":0.666666666666667,"file_path":"/3zlffXmo7QpVBc17QIJWrRfasVr.jpg","height":1500,"iso_639_1":"en","vote_average":5.51638837353123,"vote_count":14,"width":1000},{"aspect_ratio":0.666666666666667,"file_path":"/d2Qul2t0GrSLqJZ6vkaED9AhM3.jpg","height":1500,"iso_639_1":"fr","vote_average":5.45454545454546,"vote_count":3,"width":1000},{"aspect_ratio":0.666666666666667,"file_path":"/q2ufZ5zgbyvwSVR9J5wR6nEAEyy.jpg","height":1500,"iso_639_1":"en","vote_average":5.39270253555968,"vote_count":14,"width":1000},{"aspect_ratio":0.666666666666667,"file_path":"/jRyhRiGniBGYvFWJHn11Bprc5No.jpg","height":1500,"iso_639_1":"de","vote_average":5.38992408557626,"vote_count":6,"width":1000},{"aspect_ratio":0.707018673535093,"file_path":"/aUQbl7it5TVCAVverxsJl8T9Xd2.jpg","height":1553,"iso_639_1":"es","vote_average":5.38461538461539,"vote_count":2,"width":1098},{"aspect_ratio":0.666666666666667,"file_path":"/7FXn4CEOYe9JY10oPEzdb7HPzNp.jpg","height":1200,"iso_639_1":"hu","vote_average":5.38461538461539,"vote_count":2,"width":800},{"aspect_ratio":0.666666666666667,"file_path":"/kQsCVFwf5EdBDwLNGZKQ26EHPkD.jpg","height":1500,"iso_639_1":"en","vote_average":5.32175032175032,"vote_count":11,"width":1000},{"aspect_ratio":0.666666666666667,"file_path":"/o7MfIY9Gt7IefTnQqxjoi3x8Fo2.jpg","height":2100,"iso_639_1":"ru","vote_average":5.3125,"vote_count":1,"width":1400},{"aspect_ratio":0.70242656449553,"file_path":"/xLd5m25rSINDzQ3JCArtlpd51w.jpg","height":783,"iso_639_1":"ro","vote_average":5.3125,"vote_count":1,"width":550},{"aspect_ratio":0.666666666666667,"file_path":"/dLdmv107fcS1kOENdAxJmtI2c8A.jpg","height":1500,"iso_639_1":"he","vote_average":5.3125,"vote_count":1,"width":1000},{"aspect_ratio":0.713333333333333,"file_path":"/l3b5sVOx9jcdBMpwIFqLatubKls.jpg","height":750,"iso_639_1":"es","vote_average":5.3125,"vote_count":1,"width":535},{"aspect_ratio":0.705882352941177,"file_path":"/ekeNG6g1QA5Jee05CO7nKuJYC7q.jpg","height":1700,"iso_639_1":"it","vote_average":5.3125,"vote_count":1,"width":1200},{"aspect_ratio":0.666666666666667,"file_path":"/sL14l3RFbBZPxHS6mBDCGYDw7Js.jpg","height":1500,"iso_639_1":"de","vote_average":5.29761904761905,"vote_count":1,"width":1000},{"aspect_ratio":0.666666666666667,"file_path":"/c7kMKgtiTpB6YcevsTIKuBJQymE.jpg","height":1500,"iso_639_1":"en","vote_average":5.28253968253968,"vote_count":12,"width":1000},{"aspect_ratio":0.711576846307385,"file_path":"/rYCLNE1isLMxcGbAF6DdQvSGnbB.jpg","height":1002,"iso_639_1":"hu","vote_average":5.28138528138528,"vote_count":3,"width":713},{"aspect_ratio":0.706666666666667,"file_path":"/qqmO8TrhXtyFfwzRr8fZxjGjrnS.jpg","height":1200,"iso_639_1":"es","vote_average":5.27833668678739,"vote_count":8,"width":848},{"aspect_ratio":0.711576846307385,"file_path":"/fcoTFr0NAYSRkgLozM2Rm0AtcVJ.jpg","height":1002,"iso_639_1":"hu","vote_average":5.26652452025586,"vote_count":4,"width":713},{"aspect_ratio":0.710833333333333,"file_path":"/yZvQ90ARXXCJFSE8JQIrSxHWs5M.jpg","height":1200,"iso_639_1":"cs","vote_average":5.24553571428571,"vote_count":1,"width":853},{"aspect_ratio":0.666666666666667,"file_path":"/ar0JEdCMtOhX8zVvTsJ18Y3NZ1x.jpg","height":1500,"iso_639_1":"de","vote_average":5.24542124542125,"vote_count":2,"width":1000},{"aspect_ratio":0.749853544229643,"file_path":"/niNI2RxXDqrHGdM5sADHIyH09Y6.jpg","height":1707,"iso_639_1":"fr","vote_average":5.24542124542125,"vote_count":2,"width":1280},{"aspect_ratio":0.707528957528958,"file_path":"/gSvia82t9TY9Uj67DpJnpSYKQ6G.jpg","height":1036,"iso_639_1":"it","vote_average":5.24542124542125,"vote_count":2,"width":733},{"aspect_ratio":0.708430367955286,"file_path":"/8oVhHpxSqyEssJ7wQcvYk5yXtGt.jpg","height":2147,"iso_639_1":"hu","vote_average":5.23809523809524,"vote_count":1,"width":1521},{"aspect_ratio":0.666666666666667,"file_path":"/vEFghK5SbW7HIcyGtKFjHs8jKYO.jpg","height":1500,"iso_639_1":"en","vote_average":5.23297491039426,"vote_count":30,"width":1000},{"aspect_ratio":0.666666666666667,"file_path":"/cC0huTbsQZzxMtU8gsoJUNLHIq2.jpg","height":2100,"iso_639_1":"en","vote_average":5.22321428571429,"vote_count":1,"width":1400},{"aspect_ratio":0.708571428571429,"file_path":"/a05lckFCeKgc38rclWauiNQ3TqB.jpg","height":700,"iso_639_1":"cs","vote_average":5.22321428571429,"vote_count":1,"width":496},{"aspect_ratio":0.666666666666667,"file_path":"/kRiTiOPaRaMs808RGCEKsCOAWR8.jpg","height":1200,"iso_639_1":"en","vote_average":5.20879120879121,"vote_count":2,"width":800},{"aspect_ratio":0.708430367955286,"file_path":"/pXBEXs2aCDTuhsJbRnH0CMBZJfA.jpg","height":2147,"iso_639_1":"hu","vote_average":5.20089285714286,"vote_count":1,"width":1521},{"aspect_ratio":0.666666666666667,"file_path":"/5EpAKS1EIsB3D1OHVmupcJu6Els.jpg","height":1200,"iso_639_1":"en","vote_average":5.1984126984127,"vote_count":9,"width":800},{"aspect_ratio":0.666666666666667,"file_path":"/8jUvskcey2PmIt8KPf47BgdDyu9.jpg","height":1500,"iso_639_1":"fr","vote_average":5.1890756302521,"vote_count":5,"width":1000},{"aspect_ratio":0.666666666666667,"file_path":"/61l500Mkr1kmkjQrKZEeVy3Vje5.jpg","height":1500,"iso_639_1":"en","vote_average":5.18207282913165,"vote_count":5,"width":1000},{"aspect_ratio":0.666666666666667,"file_path":"/2H1CkOH1TRsCmtKcrigzx6B62F1.jpg","height":1500,"iso_639_1":"de","vote_average":5.17316017316017,"vote_count":3,"width":1000},{"aspect_ratio":0.682128240109141,"file_path":"/nemAHahEsdq5nkdiZkMu6LJYDqh.jpg","height":733,"iso_639_1":"pl","vote_average":5.17216117216117,"vote_count":2,"width":500},{"aspect_ratio":0.701262272089762,"file_path":"/sG2G5lnTsqP0Dcj8qj3Xqrdlkqi.jpg","height":1426,"iso_639_1":"de","vote_average":5.17113095238095,"vote_count":1,"width":1000},{"aspect_ratio":0.70901447921532,"file_path":"/8rRXQ6u4JDXc5O9fDOttJHWqret.jpg","height":2141,"iso_639_1":"fr","vote_average":5.17113095238095,"vote_count":1,"width":1518},{"aspect_ratio":0.675333333333333,"file_path":"/bHHd526NHjRxeahWl9DfmofXde8.jpg","height":3000,"iso_639_1":"en","vote_average":5.16840882694541,"vote_count":19,"width":2026},{"aspect_ratio":0.675675675675676,"file_path":"/xJBsd9QrFb01Y9opAM5xGSllKWp.jpg","height":666,"iso_639_1":"es","vote_average":5.15646258503401,"vote_count":7,"width":450},{"aspect_ratio":0.703605980650836,"file_path":"/85WIm41bmdyRWTXw7OReI5oKhHI.jpg","height":1137,"iso_639_1":"ru","vote_average":5.14570007107321,"vote_count":4,"width":800},{"aspect_ratio":0.703448275862069,"file_path":"/8EQ6rEqpOuu47SjshMHB9aSVynV.jpg","height":1450,"iso_639_1":"it","vote_average":5.14430014430014,"vote_count":3,"width":1020},{"aspect_ratio":0.668,"file_path":"/sRX6OfQGXhlV2CkZ1b4M8MDg9C.jpg","height":1500,"iso_639_1":"en","vote_average":5.13749161636486,"vote_count":8,"width":1002},{"aspect_ratio":0.675333333333333,"file_path":"/d0cDJzGMxes7iVF9dd2IM2qGPHF.jpg","height":3000,"iso_639_1":"en","vote_average":5.1307847082495,"vote_count":8,"width":2026},{"aspect_ratio":0.666666666666667,"file_path":"/dxbFyslMZWzSQg2I3ZX0bTXFCb.jpg","height":1500,"iso_639_1":"en","vote_average":5.1118760757315,"vote_count":20,"width":1000},{"aspect_ratio":0.705992509363296,"file_path":"/mYwZKC2sNcwyA8EazMSwHnHUn53.jpg","height":1068,"iso_639_1":"pt","vote_average":5.10622710622711,"vote_count":2,"width":754},{"aspect_ratio":0.714285714285714,"file_path":"/qhXxr30Ec66inzT6ubBNj6ABr5w.jpg","height":1400,"iso_639_1":"ru","vote_average":5.10395707578806,"vote_count":8,"width":1000},{"aspect_ratio":0.706428571428571,"file_path":"/h508AwgE8sInkVvHIGYmCBqDGn1.jpg","height":1400,"iso_639_1":"de","vote_average":5.07042253521127,"vote_count":8,"width":989},{"aspect_ratio":0.7,"file_path":"/fx8jdBWykbaip615IKB4L45jXlW.jpg","height":1500,"iso_639_1":"en","vote_average":5.05396825396825,"vote_count":12,"width":1050},{"aspect_ratio":0.701149425287356,"file_path":"/6ClJ2vDpid9xSDglcWFjDPsis5I.jpg","height":2175,"iso_639_1":"en","vote_average":5.04645760743322,"vote_count":19,"width":1525},{"aspect_ratio":0.666666666666667,"file_path":"/gTz6RRDbvTJub438vx230vEcprF.jpg","height":1200,"iso_639_1":"en","vote_average":5.04619758351102,"vote_count":4,"width":800},{"aspect_ratio":0.675,"file_path":"/f3AwyaDQSwWMziwsqkNIMlHT5Y.jpg","height":1400,"iso_639_1":"en","vote_average":5.03663003663004,"vote_count":15,"width":945},{"aspect_ratio":0.697502312673451,"file_path":"/31Gu6gDCnjRSkFRncpiYADl8t9O.jpg","height":1081,"iso_639_1":"en","vote_average":5.00881834215168,"vote_count":18,"width":754},{"aspect_ratio":0.695809248554913,"file_path":"/9PNpH4ljbLeGZop8IlQA4hPXUe3.jpg","height":1384,"iso_639_1":"en","vote_average":4.98933901918977,"vote_count":4,"width":963},{"aspect_ratio":0.698821796759941,"file_path":"/tkWRrDvFFO7aXTiiM2p4CCiFNMa.jpg","height":1358,"iso_639_1":"el","vote_average":0.0,"vote_count":0,"width":949},{"aspect_ratio":0.701111111111111,"file_path":"/uYK19s8IMpAoiEkKQdG0U4pJ8H3.jpg","height":900,"iso_639_1":"ko","vote_average":0.0,"vote_count":0,"width":631},{"aspect_ratio":0.666666666666667,"file_path":"/i2bGxc7G36B2kugOFy6zgkuFElF.jpg","height":1500,"iso_639_1":null,"vote_average":0.0,"vote_count":0,"width":1000},{"aspect_ratio":0.666666666666667,"file_path":"/2IiZXCgP8AkEqMOW68CnIgZfs3z.jpg","height":1200,"iso_639_1":"pl","vote_average":0.0,"vote_count":0,"width":800},{"aspect_ratio":0.666666666666667,"file_path":"/fk0efsa5v2oS4EQpJzCCJkaU5AR.jpg","height":750,"iso_639_1":"pl","vote_average":0.0,"vote_count":0,"width":500},{"aspect_ratio":0.666666666666667,"file_path":"/2N5HeoABBCwMiBjOaYcowaWQlyp.jpg","height":2100,"iso_639_1":"en","vote_average":0.0,"vote_count":0,"width":1400},{"aspect_ratio":0.666666666666667,"file_path":"/uOLLB3twRrKvqjc21oxXTbfM3v4.jpg","height":750,"iso_639_1":"ru","vote_average":0.0,"vote_count":0,"width":500}]}'}
      headers:
        access-control-allow-origin: ['*']
        cache-control: ['public, max-age=28800']
        connection: [Close]
        content-length: ['14126']
        content-type: [application/json;charset=utf-8]
        date: ['Fri, 04 Mar 2016 01:54:57 GMT']
        etag: ['"2b29a91404a64ff243201f687cf04db8"']
        server: [openresty]
        status: [200 OK]
        vary: [Accept-Encoding]
        x-memc: [HIT]
        x-memc-age: ['3389']
        x-memc-expires: ['25411']
        x-memc-key: [8a47e034351297845dd6a7aa9b96c910]
        x-ratelimit-limit: ['40']
        x-ratelimit-remaining: ['34']
        x-ratelimit-reset: ['1457056507']
      status: {code: 200, message: OK}
  - request:
      body: null
      headers:
        Accept: [application/json]
        Connection: [close]
        Host: [api.themoviedb.org]
        User-Agent: [Python-urllib/2.7]
      method: GET
      uri: http://api.themoviedb.org/3/configuration?api_key=bdfc018dbdb7c243dc7cb1454ff74b95
    response:
      body: {string: '{"images":{"base_url":"http://image.tmdb.org/t/p/","secure_base_url":"https://image.tmdb.org/t/p/","backdrop_sizes":["w300","w780","w1280","original"],"logo_sizes":["w45","w92","w154","w185","w300","w500","original"],"poster_sizes":["w92","w154","w185","w342","w500","w780","original"],"profile_sizes":["w45","w185","h632","original"],"still_sizes":["w92","w185","w300","original"]},"change_keys":["adult","air_date","also_known_as","alternative_titles","biography","birthday","budget","cast","certifications","character_names","created_by","crew","deathday","episode","episode_number","episode_run_time","freebase_id","freebase_mid","general","genres","guest_stars","homepage","images","imdb_id","languages","name","network","origin_country","original_name","original_title","overview","parts","place_of_birth","plot_keywords","production_code","production_companies","production_countries","releases","revenue","runtime","season","season_number","season_regular","spoken_languages","status","tagline","title","translations","tvdb_id","tvrage_id","type","video","videos"]}'}
      headers:
        access-control-allow-origin: ['*']
        cache-control: ['public, max-age=36000']
        connection: [Close]
        content-length: ['1073']
        content-type: [application/json;charset=utf-8]
        date: ['Fri, 04 Mar 2016 01:54:57 GMT']
        etag: ['"acd3a349fca1f788ac931639278ad061"']
        server: [openresty]
        status: [200 OK]
        vary: [Accept-Encoding]
        x-ratelimit-limit: ['40']
        x-ratelimit-remaining: ['33']
        x-ratelimit-reset: ['1457056507']
      status: {code: 200, message: OK}
  - request:
      body: null
      headers:
        Accept: [application/json]
        Connection: [close]
        Host: [api.themoviedb.org]
        User-Agent: [Python-urllib/2.7]
      method: GET
      uri: http://api.themoviedb.org/3/search/movie?query=the+matrix&api_key=bdfc018dbdb7c243dc7cb1454ff74b95&include_adult=True&page=1&language=en
    response:
      body: {string: "{\"page\":1,\"results\":[{\"poster_path\":\"\\/lZpWprJqbIFpEV5uoHfoK0KCnTW.jpg\"\
          ,\"adult\":false,\"overview\":\"Thomas A. Anderson is a man living two lives.\
          \ By day he is an average computer programmer and by night a malevolent\
          \ hacker known as Neo, who finds himself targeted by the police when he\
          \ is contacted by Morpheus, a legendary computer hacker, who reveals the\
          \ shocking truth about our reality.\",\"release_date\":\"1999-03-30\",\"\
          genre_ids\":[12,28,53,878],\"id\":603,\"original_title\":\"The Matrix\"\
          ,\"original_language\":\"en\",\"title\":\"The Matrix\",\"backdrop_path\"\
          :\"\\/7u3pxc0K1wx32IleAkLv78MKgrw.jpg\",\"popularity\":7.582744,\"vote_count\"\
          :5159,\"video\":false,\"vote_average\":7.67},{\"poster_path\":\"\\/sKogjhfs5q3azmpW7DFKKAeLEG8.jpg\"\
          ,\"adult\":false,\"overview\":\"The human city of Zion defends itself against\
          \ the massive invasion of the machines as Neo fights to end the war at another\
          \ front while also opposing the rogue Agent Smith.\",\"release_date\":\"\
          2003-05-23\",\"genre_ids\":[12,28,53,878],\"id\":605,\"original_title\"\
          :\"The Matrix Revolutions\",\"original_language\":\"en\",\"title\":\"The\
          \ Matrix Revolutions\",\"backdrop_path\":\"\\/pdVHUsb2eEz9ALNTr6wfRJe5xVa.jpg\"\
          ,\"popularity\":4.440803,\"vote_count\":1797,\"video\":false,\"vote_average\"\
          :6.35},{\"poster_path\":\"\\/ezIurBz2fdUc68d98Fp9dRf5ihv.jpg\",\"adult\"\
          :false,\"overview\":\"Six months after the events depicted in The Matrix,\
          \ Neo has proved to be a good omen for the free humans, as more and more\
          \ humans are being freed from the matrix and brought to Zion, the one and\
          \ only stronghold of the Resistance.  Neo himself has discovered his superpowers\
          \ including super speed, ability to see the codes of the things inside the\
          \ matrix and a certain degree of pre-cognition. But a nasty piece of news\
          \ hits the human resistance: 250,000 machine sentinels are digging to Zion\
          \ and would reach them in 72 hours. As Zion prepares for the ultimate war,\
          \ Neo, Morpheus and Trinity are advised by the Oracle to find the Keymaker\
          \ who would help them reach the Source.  Meanwhile Neo's recurrent dreams\
          \ depicting Trinity's death have got him worried and as if it was not enough,\
          \ Agent Smith has somehow escaped deletion, has become more powerful than\
          \ before and has fixed Neo as his next target.\",\"release_date\":\"2003-05-06\"\
          ,\"genre_ids\":[12,28,53,878],\"id\":604,\"original_title\":\"The Matrix\
          \ Reloaded\",\"original_language\":\"en\",\"title\":\"The Matrix Reloaded\"\
          ,\"backdrop_path\":\"\\/1jgulSytTJcATkGX8syGbD2glXD.jpg\",\"popularity\"\
          :3.981007,\"vote_count\":1991,\"video\":false,\"vote_average\":6.57},{\"\
          poster_path\":\"\\/9ZqM6eePUCa52iCAJXpx2PvwR1e.jpg\",\"adult\":false,\"\
          overview\":\"The film goes behind the scenes of the 1999 sci-fi movie The\
          \ Matrix.\",\"release_date\":\"2001-11-19\",\"genre_ids\":[99],\"id\":14543,\"\
          original_title\":\"The Matrix Revisited\",\"original_language\":\"en\",\"\
          title\":\"The Matrix Revisited\",\"backdrop_path\":\"\\/izgye3aEdT40m1audRDnRuXLaiP.jpg\"\
          ,\"popularity\":1.872091,\"vote_count\":35,\"video\":true,\"vote_average\"\
          :6.46},{\"poster_path\":\"\\/8guQp7yX4CBOAz0jqj4lqSIIOo8.jpg\",\"adult\"\
          :false,\"overview\":\"Disc 4 of 10 of 'The Matrix: Ultimate Edition':  An\
          \ \\\"extras-only\\\" DVD, packed with documentaries and behind-the-scenes\
          \ footage. Go to the middle movie\u2019s furthest reaches via five documentary\
          \ paths revealing 21 featurettes. Plus 23 extra scenes shot for the Enter\
          \ the Matrix consol videogame\",\"release_date\":\"2004-12-07\",\"genre_ids\"\
          :[99],\"id\":274849,\"original_title\":\"The Matrix Reloaded Revisited\"\
          ,\"original_language\":\"en\",\"title\":\"The Matrix Reloaded Revisited\"\
          ,\"backdrop_path\":null,\"popularity\":1.126972,\"vote_count\":11,\"video\"\
          :false,\"vote_average\":5.32},{\"poster_path\":null,\"adult\":false,\"overview\"\
          :\"A spoof created for the 2000 MTV Movie Awards, combining The Matrix and\
          \ \\\"Sex in the City\\\".\",\"release_date\":\"2000-01-01\",\"genre_ids\"\
          :[],\"id\":344225,\"original_title\":\"Sex and the Matrix\",\"original_language\"\
          :\"en\",\"title\":\"Sex and the Matrix\",\"backdrop_path\":null,\"popularity\"\
          :1.000174,\"vote_count\":0,\"video\":false,\"vote_average\":0},{\"poster_path\"\
          :null,\"adult\":false,\"overview\":\"Disc 6 of 10 of 'The Matrix: Ultimate\
          \ Edition':  An \\\"extras-only\\\" DVD, packed with documentaries and behind-the-scenes\
          \ footage.  The cataclysmic final confrontation chronicled through six documentary\
          \ pods revealing 28 featurettes.\",\"release_date\":\"2004-12-07\",\"genre_ids\"\
          :[99],\"id\":274850,\"original_title\":\"The Matrix Revolutions Revisited\"\
          ,\"original_language\":\"en\",\"title\":\"The Matrix Revolutions Revisited\"\
          ,\"backdrop_path\":null,\"popularity\":1.04345,\"vote_count\":3,\"video\"\
          :false,\"vote_average\":5.5},{\"poster_path\":\"\\/hCP7abUsyhw6zuO8Am68Xc418N8.jpg\"\
          ,\"adult\":false,\"overview\":\"A promotional making-of documentary for\
          \ the film Matrix, The (1999) that devotes its time to explaining the digital\
          \ and practical effects contained in the film. This is very interesting,\
          \ seeing as how they're giving away the cinematic secrets that they created\
          \ solely for the this movie, that have now been spoofed and referenced in\
          \ countless other films.\",\"release_date\":\"1999-09-01\",\"genre_ids\"\
          :[99,878],\"id\":325251,\"original_title\":\"Making The Matrix\",\"original_language\"\
          :\"en\",\"title\":\"Making The Matrix\",\"backdrop_path\":null,\"popularity\"\
          :1.00042,\"vote_count\":4,\"video\":true,\"vote_average\":7},{\"poster_path\"\
          :null,\"adult\":false,\"overview\":\"The making of Matrix Revolutions, The\
          \ (2003) is briefly touched on here in this documentary. Interviews with\
          \ various cast and crew members inform us how they were affected by the\
          \ deaths of Gloria Foster and Aaliyah, and also delve into the making of\
          \ the visual effects that takes up a lot of screen time. Written by Rhyl\
          \ Donnelly\",\"release_date\":\"2004-04-06\",\"genre_ids\":[99,878],\"id\"\
          :221495,\"original_title\":\"The Matrix Recalibrated\",\"original_language\"\
          :\"en\",\"title\":\"The Matrix Recalibrated\",\"backdrop_path\":null,\"\
          popularity\":1.018911,\"vote_count\":3,\"video\":false,\"vote_average\"\
          :5.5},{\"poster_path\":\"\\/tf9MDM8oBygRSG3TALLQX6Q6tyL.jpg\",\"adult\"\
          :false,\"overview\":\"Becker's documentary presents the arguments of the\
          \ new-age practice of \\\"bio-energetic medicine.\\\"  Presented as a medical\
          \ documentary, The Living Matrix, promotes healing through energy reading\
          \ and manipulation.  Director Greg Becker presents his arguments through\
          \ anecdotal patient stories, and interviews with parapsychology professionals.\"\
          ,\"release_date\":\"2009-10-22\",\"genre_ids\":[99],\"id\":119742,\"original_title\"\
          :\"The Living Matrix\",\"original_language\":\"de\",\"title\":\"The Living\
          \ Matrix\",\"backdrop_path\":null,\"popularity\":1.001181,\"vote_count\"\
          :2,\"video\":false,\"vote_average\":4.5},{\"poster_path\":\"\\/tz4Mm2Nfgx4Y9Iwxrh5aPrlK9Xm.jpg\"\
          ,\"adult\":false,\"overview\":\"This work is a parody.  As such I do not\
          \ believe that this DVD has any  possibility of competing with the original\
          \ in any market.  It is not for  sale. The Matrix ASCII is the original\
          \ Matrix movie encoded in text. The finished product is an MPEG-2 file 7989979136\
          \ bytes in size.\",\"release_date\":\"2003-12-15\",\"genre_ids\":[28,16,35],\"\
          id\":380218,\"original_title\":\"The Matrix ASCII\",\"original_language\"\
          :\"en\",\"title\":\"The Matrix ASCII\",\"backdrop_path\":\"\\/wXWFjNcuh0eqPm3BEgV8T1XunZl.jpg\"\
          ,\"popularity\":1.000338,\"vote_count\":1,\"video\":false,\"vote_average\"\
          :6},{\"poster_path\":null,\"adult\":false,\"overview\":\"Disc 8 of 10 of\
          \ 'The Matrix: Ultimate Edition': Probe the philosophical and technological\
          \ inspirations of The Matrix Trilogy through two insightful documentaries:\
          \  - Return to Source: Philosophy &amp; The Matrix documentary \u2013 Scholars,\
          \ philosophers and theorists deconstruct the intellectual underpinnings\
          \ of the trilogy  - The Hard Problem: The Science Behind the Fiction documentary\
          \ \u2013 Is the notion of a real Matrix plausible? An investigation of the\
          \ technologies that inspire the metaphor of the Matrix.\",\"release_date\"\
          :\"2004-12-07\",\"genre_ids\":[99],\"id\":274866,\"original_title\":\"The\
          \ Roots of the Matrix\",\"original_language\":\"en\",\"title\":\"The Roots\
          \ of the Matrix\",\"backdrop_path\":null,\"popularity\":1.002457,\"vote_count\"\
          :0,\"video\":false,\"vote_average\":0},{\"poster_path\":\"\\/bQ4cjN4HJ96ddYVljgNQ64klN8k.jpg\"\
          ,\"adult\":false,\"overview\":\"A shocking new 2 hour film by B.A. Brooks.\
          \ This 2010 release is a follow up to \\\"The Decline And Fall Of America\\\
          \" which was released in 2008. \\\"The American Matrix - Age Of Deception\\\
          \" details news items that all people should be aware of such as the economic\
          \ collapse of The United States and the formation of the a New World Order.\
          \ See what has really been going on in America today.\",\"release_date\"\
          :\"2010-01-01\",\"genre_ids\":[99],\"id\":26214,\"original_title\":\"The\
          \ American Matrix - Age Of Deception\",\"original_language\":\"en\",\"title\"\
          :\"The American Matrix - Age Of Deception\",\"backdrop_path\":\"\\/f09oCCFxLkm81WI9crc2UZzNv4F.jpg\"\
          ,\"popularity\":1.042705,\"vote_count\":11,\"video\":false,\"vote_average\"\
          :4.09},{\"poster_path\":null,\"adult\":false,\"overview\":\"Since 1990 David\
          \ Icke has been on an amazing journey of self and collective discovery to\
          \ establish the real power behind apparently \\\"random\\\" world events\
          \ like 9\\/11 and the \\\"war on terrorism\\\".\\r Here he reveals that\
          \ a network of interbreeding bloodlines manipulating through their web of\
          \ interconnecting secret societies have been pursuing an agenda for thousands\
          \ of years to impose a globally centralized fascist state with total control\
          \ and surveillance of the population.  The attacks of September 11th - not\
          \ the work of \\\"bin Laden\\\" - and the subsequent \\\"war on terrorism\\\
          \" are a means through which this is designed to be achieved.  Over more\
          \ than six hours and with hundreds of illustrations, David Icke also reveals\
          \ the illusion that is life in this \\\"physical\\\" reality. How is the\
          \ \\\"world\\\" a provable illusion - just a lucid dream? How do we create\
          \ it and how can we change the dream to one that we would like to experience?\"\
          ,\"release_date\":\"2004-10-05\",\"genre_ids\":[],\"id\":371610,\"original_title\"\
          :\"David Icke - Secrets of the Matrix\",\"original_language\":\"en\",\"\
          title\":\"David Icke - Secrets of the Matrix\",\"backdrop_path\":null,\"\
          popularity\":1.000429,\"vote_count\":0,\"video\":false,\"vote_average\"\
          :0},{\"poster_path\":\"\\/nrL7EO7Izrgr4f8ReHuc7V0omFl.jpg\",\"adult\":false,\"\
          overview\":\"\\\"The Happiness Matrix\\\" is a 2-hour personal growth DVD,\
          \ manifesting, in a practical, authentic and engaging manner, a powerful\
          \ thought process that anyone can use to transform their lives. Sourced\
          \ from wisdom traditions, \\\"The Happiness Matrix\\\" is a thoroughly tested\
          \ and proven program based on the life-changing MBA course, \\\"Creativity\
          \ &amp; Personal Mastery\\\", taught at some of the world's top ranking\
          \ business schools. \\\"The Happiness Matrix\\\" will open you up to possibilities\
          \ you never dreamed of and give you the tools you need to begin your transformation.\
          \ Your internal changes will be rapidly reflected in the world outside and\
          \ lead you to an immeasurably more fulfilling life. For further information,\
          \ please email support@TheHappinessMatrix.com To view the Trailer, visit:\
          \ http:\\/\\/www.thehappinessmatrix.com\\/trailer.html\",\"release_date\"\
          :\"2011-08-03\",\"genre_ids\":[],\"id\":323256,\"original_title\":\"The\
          \ Happiness Matrix: Creativity and Personal Mastery\",\"original_language\"\
          :\"en\",\"title\":\"The Happiness Matrix: Creativity and Personal Mastery\"\
          ,\"backdrop_path\":null,\"popularity\":1.001479,\"vote_count\":0,\"video\"\
          :true,\"vote_average\":0},{\"poster_path\":\"\\/4bld8IsrzXKNRRU9uCgZfWcgqAe.jpg\"\
          ,\"adult\":false,\"overview\":\"An hour long discussion on the philosophical\
          \ concepts that inspired, and are presented in the trilogy. This is one\
          \ of the two feature-length documentaries on disc number 8 of the 10-Disc\
          \ Ultimate Set.\",\"release_date\":\"2004-12-07\",\"genre_ids\":[99],\"\
          id\":174615,\"original_title\":\"Return to Source: The Philosophy of The\
          \ Matrix\",\"original_language\":\"en\",\"title\":\"Return to Source: The\
          \ Philosophy of The Matrix\",\"backdrop_path\":\"\\/zpY5aIOy7C8Nta86kFxGlcSMNld.jpg\"\
          ,\"popularity\":1.00059,\"vote_count\":2,\"video\":false,\"vote_average\"\
          :4.25},{\"poster_path\":\"\\/rDmcA1VMZ67ayuw6I43UYMy9Bhw.jpg\",\"adult\"\
          :false,\"overview\":\"Dylan can't get enough of the new action-packed video\
          \ game \\\"Insectoids\\\". So when he and his friend Sal are invited to\
          \ play Insectoids \\\"for real\\\" in the virtual-reality Room of Consequence\
          \ at Whit's End, they jump at the chance. But when the game gets too predictable,\
          \ Dylan throws caution to the wind and enters the \\\"forbidden matrix.\\\
          \" Soon they're engaged in a life-sized, three-dimensional jungle war, fighting\
          \ giant insect warriors and facing an even more dangerous foe.\",\"release_date\"\
          :\"2000-01-23\",\"genre_ids\":[16,10751],\"id\":268477,\"original_title\"\
          :\"Adventures in Odyssey: Escape from the Forbidden Matrix\",\"original_language\"\
          :\"en\",\"title\":\"Adventures in Odyssey: Escape from the Forbidden Matrix\"\
          ,\"backdrop_path\":null,\"popularity\":1.000494,\"vote_count\":0,\"video\"\
          :false,\"vote_average\":0},{\"poster_path\":\"\\/1ISkdhJ48PDvETdxjllQ1AswTGv.jpg\"\
          ,\"adult\":false,\"overview\":\"Straight from the creators of the groundbreaking\
          \ Matrix trilogy, this collection of short animated films from the world's\
          \ leading anime directors fuses computer graphics and Japanese anime to\
          \ provide the background of the Matrix universe and the conflict between\
          \ man and machines. The shorts include Final Flight of the Osiris, The Second\
          \ Renaissance, Kid's Story, Program, World Record, Beyond, A Detective Story\
          \ and Matriculated.\",\"release_date\":\"2003-06-02\",\"genre_ids\":[16,878],\"\
          id\":55931,\"original_title\":\"The Animatrix\",\"original_language\":\"\
          en\",\"title\":\"The Animatrix\",\"backdrop_path\":\"\\/jbkrE2uiUuz29AHfJ9LralFR0KA.jpg\"\
          ,\"popularity\":2.267635,\"vote_count\":192,\"video\":false,\"vote_average\"\
          :6.5},{\"poster_path\":\"\\/5oU0gsrU47gthpNt2GtVNiS6A5w.jpg\",\"adult\"\
          :false,\"overview\":\"It is the year 2005. The war between The Autobots\
          \ and Decepticons has escalated all the way to Cybertron, which the Decepticons\
          \ have reclaimed. The Autobots must now face an uncertain future. Megatron\
          \ and a group of forsaken Decepticons have been reformed by the ultimate\
          \ transformer, a planet-consuming demon known as Unicron, into even deadlier\
          \ warriors. Now Galvatron, Scourge and Cyclonus must destroy the Autobot\
          \ Matrix of Leadership for Unicron's glory or suffer the horrific destruction\
          \ of Cybertron. However, Optimus Prime has decreed that an Autobot will\
          \ rise from his rank and use the power of the Matrix to light the darkest\
          \ hour of the Autobots.\",\"release_date\":\"1986-08-08\",\"genre_ids\"\
          :[16],\"id\":1857,\"original_title\":\"The Transformers: The Movie\",\"\
          original_language\":\"en\",\"title\":\"The Transformers: The Movie\",\"\
          backdrop_path\":\"\\/e9WDDxgkmZG1LvxbGfKiCvsrNAp.jpg\",\"popularity\":1.596292,\"\
          vote_count\":53,\"video\":false,\"vote_average\":6.96}],\"total_results\"\
          :19,\"total_pages\":1}"}
      headers:
        access-control-allow-origin: ['*']
        cache-control: ['public, max-age=21600']
        connection: [Close]
        content-length: ['14434']
        content-type: [application/json;charset=utf-8]
        date: ['Fri, 04 Mar 2016 01:54:58 GMT']
        etag: [e1f9b39289e1893622852cf8de6e14db]
        server: [openresty]
        vary: [Accept-Encoding]
        x-ratelimit-limit: ['40']
        x-ratelimit-remaining: ['32']
        x-ratelimit-reset: ['1457056507']
      status: {code: 200, message: OK}
  - request:
      body: null
      headers:
        Accept: [application/json]
        Connection: [close]
        Host: [api.themoviedb.org]
        User-Agent: [Python-urllib/2.7]
      method: GET
      uri: http://api.themoviedb.org/3/movie/603?api_key=bdfc018dbdb7c243dc7cb1454ff74b95&language=en
    response:
      body: {string: '{"adult":false,"backdrop_path":"/7u3pxc0K1wx32IleAkLv78MKgrw.jpg","belongs_to_collection":{"id":2344,"name":"The
          Matrix Collection","poster_path":"/lh4aGpd3U9rm9B8Oqr6CUgQLtZL.jpg","backdrop_path":"/bRm2DEgUiYciDw3myHuYFInD7la.jpg"},"budget":63000000,"genres":[{"id":12,"name":"Adventure"},{"id":28,"name":"Action"},{"id":53,"name":"Thriller"},{"id":878,"name":"Science
          Fiction"}],"homepage":"http://www.warnerbros.com/movies/home-entertainment/the-matrix/37313ac7-9229-474d-a423-44b7a6bc1a54.html","id":603,"imdb_id":"tt0133093","original_language":"en","original_title":"The
          Matrix","overview":"Thomas A. Anderson is a man living two lives. By day
          he is an average computer programmer and by night a malevolent hacker known
          as Neo, who finds himself targeted by the police when he is contacted by
          Morpheus, a legendary computer hacker, who reveals the shocking truth about
          our reality.","popularity":6.582744,"poster_path":"/lZpWprJqbIFpEV5uoHfoK0KCnTW.jpg","production_companies":[{"name":"Village
          Roadshow Pictures","id":79},{"name":"Groucho II Film Partnership","id":372},{"name":"Silver
          Pictures","id":1885},{"name":"Warner Bros.","id":6194}],"production_countries":[{"iso_3166_1":"AU","name":"Australia"},{"iso_3166_1":"US","name":"United
          States of America"}],"release_date":"1999-03-30","revenue":463517383,"runtime":136,"spoken_languages":[{"iso_639_1":"en","name":"English"}],"status":"Released","tagline":"Welcome
          to the Real World.","title":"The Matrix","video":false,"vote_average":7.7,"vote_count":5162}'}
      headers:
        access-control-allow-origin: ['*']
        cache-control: ['public, max-age=28800']
        connection: [Close]
        content-length: ['1517']
        content-type: [application/json;charset=utf-8]
        date: ['Fri, 04 Mar 2016 01:54:58 GMT']
        etag: ['"7a1793f6996ea84a88c9daa4364ac489"']
        server: [openresty]
        status: [200 OK]
        vary: [Accept-Encoding]
        x-memc: [HIT]
        x-memc-age: ['11780']
        x-memc-expires: ['17020']
        x-memc-key: [4ae7e11d99f36addb309e5d76b273d25]
        x-ratelimit-limit: ['40']
        x-ratelimit-remaining: ['31']
        x-ratelimit-reset: ['1457056507']
      status: {code: 200, message: OK}
  - request:
      body: null
      headers:
        Accept: [application/json]
        Connection: [close]
        Host: [api.themoviedb.org]
        User-Agent: [Python-urllib/2.7]
      method: GET
      uri: http://api.themoviedb.org/3/movie/603/translations?api_key=bdfc018dbdb7c243dc7cb1454ff74b95
    response:
      body: {string: "{\"id\":603,\"translations\":[{\"iso_639_1\":\"en\",\"name\"\
          :\"English\",\"english_name\":\"English\"},{\"iso_639_1\":\"de\",\"name\"\
          :\"Deutsch\",\"english_name\":\"German\"},{\"iso_639_1\":\"es\",\"name\"\
          :\"Espa\xF1ol\",\"english_name\":\"Spanish\"},{\"iso_639_1\":\"cs\",\"name\"\
          :\"\u010Cesk\xFD\",\"english_name\":\"Czech\"},{\"iso_639_1\":\"ru\",\"\
          name\":\"P\u0443\u0441\u0441\u043A\u0438\u0439\",\"english_name\":\"Russian\"\
          },{\"iso_639_1\":\"fr\",\"name\":\"Fran\xE7ais\",\"english_name\":\"French\"\
          },{\"iso_639_1\":\"pt\",\"name\":\"Portugu\xEAs\",\"english_name\":\"Portuguese\"\
          },{\"iso_639_1\":\"hu\",\"name\":\"Magyar\",\"english_name\":\"Hungarian\"\
          },{\"iso_639_1\":\"da\",\"name\":\"Dansk\",\"english_name\":\"Danish\"},{\"\
          iso_639_1\":\"zh\",\"name\":\"\u666E\u901A\u8BDD\",\"english_name\":\"Mandarin\"\
          },{\"iso_639_1\":\"it\",\"name\":\"Italiano\",\"english_name\":\"Italian\"\
          },{\"iso_639_1\":\"tr\",\"name\":\"T\xFCrk\xE7e\",\"english_name\":\"Turkish\"\
          },{\"iso_639_1\":\"nl\",\"name\":\"Nederlands\",\"english_name\":\"Dutch\"\
          },{\"iso_639_1\":\"sv\",\"name\":\"svenska\",\"english_name\":\"Swedish\"\
          },{\"iso_639_1\":\"fi\",\"name\":\"suomi\",\"english_name\":\"Finnish\"\
          },{\"iso_639_1\":\"ja\",\"name\":\"\u65E5\u672C\u8A9E\",\"english_name\"\
          :\"Japanese\"},{\"iso_639_1\":\"pl\",\"name\":\"Polski\",\"english_name\"\
          :\"Polish\"},{\"iso_639_1\":\"mk\",\"name\":\"\",\"english_name\":\"Macedonian\"\
          },{\"iso_639_1\":\"sk\",\"name\":\"Sloven\u010Dina\",\"english_name\":\"\
          Slovak\"},{\"iso_639_1\":\"he\",\"name\":\"\u05E2\u05B4\u05D1\u05B0\u05E8\
          \u05B4\u05D9\u05EA\",\"english_name\":\"Hebrew\"},{\"iso_639_1\":\"no\"\
          ,\"name\":\"Norsk\",\"english_name\":\"Norwegian\"},{\"iso_639_1\":\"el\"\
          ,\"name\":\"\u03B5\u03BB\u03BB\u03B7\u03BD\u03B9\u03BA\u03AC\",\"english_name\"\
          :\"Greek\"},{\"iso_639_1\":\"bg\",\"name\":\"\u0431\u044A\u043B\u0433\u0430\
          \u0440\u0441\u043A\u0438 \u0435\u0437\u0438\u043A\",\"english_name\":\"\
          Bulgarian\"},{\"iso_639_1\":\"th\",\"name\":\"\u0E20\u0E32\u0E29\u0E32\u0E44\
          \u0E17\u0E22\",\"english_name\":\"Thai\"},{\"iso_639_1\":\"ko\",\"name\"\
          :\"\uD55C\uAD6D\uC5B4/\uC870\uC120\uB9D0\",\"english_name\":\"Korean\"},{\"\
          iso_639_1\":\"uk\",\"name\":\"\u0423\u043A\u0440\u0430\u0457\u043D\u0441\
          \u044C\u043A\u0438\u0439\",\"english_name\":\"Ukrainian\"},{\"iso_639_1\"\
          :\"ro\",\"name\":\"Rom\xE2n\u0103\",\"english_name\":\"Romanian\"},{\"iso_639_1\"\
          :\"sr\",\"name\":\"Srpski\",\"english_name\":\"Serbian\"},{\"iso_639_1\"\
          :\"id\",\"name\":\"Bahasa indonesia\",\"english_name\":\"Indonesian\"},{\"\
          iso_639_1\":\"fa\",\"name\":\"\u0641\u0627\u0631\u0633\u06CC\",\"english_name\"\
          :\"Persian\"},{\"iso_639_1\":\"bs\",\"name\":\"Bosanski\",\"english_name\"\
          :\"Bosnian\"}]}"}
      headers:
        access-control-allow-origin: ['*']
        cache-control: ['public, max-age=28800']
        connection: [Close]
        content-length: ['2024']
        content-type: [application/json;charset=utf-8]
        date: ['Fri, 04 Mar 2016 01:54:58 GMT']
        etag: ['"9105b99a86a55226dc6cb516675b4d61"']
        server: [openresty]
        status: [200 OK]
        vary: [Accept-Encoding]
        x-memc: [HIT]
        x-memc-age: ['3298']
        x-memc-expires: ['25502']
        x-memc-key: [55e286608961b8d7084d036a246326a1]
        x-ratelimit-limit: ['40']
        x-ratelimit-remaining: ['30']
        x-ratelimit-reset: ['1457056507']
      status: {code: 200, message: OK}
  - request:
      body: null
      headers:
        Accept: [application/json]
        Connection: [close]
        Host: [api.themoviedb.org]
        User-Agent: [Python-urllib/2.7]
      method: GET
      uri: http://api.themoviedb.org/3/movie/603/alternative_titles?api_key=bdfc018dbdb7c243dc7cb1454ff74b95
    response:
      body: {string: "{\"id\":603,\"titles\":[{\"iso_3166_1\":\"US\",\"title\":\"\
          The Matrix 1\"},{\"iso_3166_1\":\"US\",\"title\":\"What is the Matrix\"\
          },{\"iso_3166_1\":\"EG\",\"title\":\"\u0627\u0644\u0645\u062A\u0645\u0631\
          \u062F\"},{\"iso_3166_1\":\"PL\",\"title\":\"Matrix\"},{\"iso_3166_1\":\"\
          MX\",\"title\":\"Matrix\"},{\"iso_3166_1\":\"BR\",\"title\":\"What is the\
          \ Matrix\"},{\"iso_3166_1\":\"TW\",\"title\":\"\u99ED\u5BA2\u4EFB\u52D9\"\
          },{\"iso_3166_1\":\"ES\",\"title\":\"Matrix\"},{\"iso_3166_1\":\"RU\",\"\
          title\":\"\u041C\u0430\u0442\u0440\u0438\u0446\u0430\"},{\"iso_3166_1\"\
          :\"KR\",\"title\":\"\uB9E4\uD2B8\uB9AD\uC2A4\"},{\"iso_3166_1\":\"US\",\"\
          title\":\"Matrix, The\"},{\"iso_3166_1\":\"CA\",\"title\":\"La matrice\"\
          },{\"iso_3166_1\":\"RS\",\"title\":\"\u041C\u0430\u0442\u0440\u0438\u043A\
          \u0441\"},{\"iso_3166_1\":\"IR\",\"title\":\"\u0645\u0627\u062A\u0631\u06CC\
          \u06A9\u0633\"}]}"}
      headers:
        access-control-allow-origin: ['*']
        cache-control: ['public, max-age=28800']
        connection: [Close]
        content-length: ['622']
        content-type: [application/json;charset=utf-8]
        date: ['Fri, 04 Mar 2016 01:54:58 GMT']
        etag: ['"fe98e88014c6faa3a03484e50055bf70"']
        server: [openresty]
        status: [200 OK]
        x-memc: [HIT]
        x-memc-age: ['14132']
        x-memc-expires: ['14668']
        x-memc-key: [691623e9dde42af773f57f968ce3dee2]
        x-ratelimit-limit: ['40']
        x-ratelimit-remaining: ['29']
        x-ratelimit-reset: ['1457056507']
      status: {code: 200, message: OK}
  - request:
      body: null
      headers:
        Accept: [application/json]
        Connection: [close]
        Host: [api.themoviedb.org]
        User-Agent: [Python-urllib/2.7]
      method: GET
      uri: http://api.themoviedb.org/3/movie/603/trailers?api_key=bdfc018dbdb7c243dc7cb1454ff74b95&language=en
    response:
      body: {string: '{"id":603,"quicktime":[],"youtube":[{"name":"Trailer 1","size":"HD","source":"m8e-FF8MsqU","type":"Trailer"}]}'}
      headers:
        access-control-allow-origin: ['*']
        cache-control: ['public, max-age=28800']
        connection: [Close]
        content-length: ['110']
        content-type: [application/json;charset=utf-8]
        date: ['Fri, 04 Mar 2016 01:54:58 GMT']
        etag: ['"b5177dc350b5bad79ffad28e4011eaf4"']
        server: [openresty]
        status: [200 OK]
        x-memc: [HIT]
        x-memc-age: ['1351']
        x-memc-expires: ['27449']
        x-memc-key: [69034a198c86dd552ce32b42ec36238c]
        x-ratelimit-limit: ['40']
        x-ratelimit-remaining: ['28']
        x-ratelimit-reset: ['1457056507']
      status: {code: 200, message: OK}
  - request:
      body: null
      headers:
        Accept: [application/json]
        Connection: [close]
        Host: [api.themoviedb.org]
        User-Agent: [Python-urllib/2.7]
      method: GET
      uri: http://api.themoviedb.org/3/movie/603/images?api_key=bdfc018dbdb7c243dc7cb1454ff74b95
    response:
      body: {string: '{"id":603,"backdrops":[{"aspect_ratio":1.77777777777778,"file_path":"/7u3pxc0K1wx32IleAkLv78MKgrw.jpg","height":1080,"iso_639_1":null,"vote_average":5.44740973312402,"vote_count":28,"width":1920},{"aspect_ratio":1.77777777777778,"file_path":"/yQeEMjnBOIAtFqIuEphyesH0a6y.jpg","height":720,"iso_639_1":null,"vote_average":5.39270253555968,"vote_count":14,"width":1280},{"aspect_ratio":1.77777777777778,"file_path":"/2bAIRwC77pGMxIuegcqmt88FJ7G.jpg","height":720,"iso_639_1":null,"vote_average":5.35437430786268,"vote_count":23,"width":1280},{"aspect_ratio":1.77777777777778,"file_path":"/gM3KKiN80qbJgKHjPnmAfwxSicG.jpg","height":1080,"iso_639_1":null,"vote_average":5.34580498866213,"vote_count":21,"width":1920},{"aspect_ratio":1.77777777777778,"file_path":"/vKMDq5icDLyJI80xamfJ4nwE3RQ.jpg","height":1080,"iso_639_1":null,"vote_average":5.33681765389082,"vote_count":19,"width":1920},{"aspect_ratio":1.77777777777778,"file_path":"/feqbYkGe1jz4WpHhgEpeDZt4kTZ.jpg","height":1080,"iso_639_1":null,"vote_average":5.3125,"vote_count":1,"width":1920},{"aspect_ratio":1.77942539388323,"file_path":"/xbm8IlWguCctQL7nqKpjpryFh5e.jpg","height":1079,"iso_639_1":"en","vote_average":5.29017857142857,"vote_count":1,"width":1920},{"aspect_ratio":1.77777777777778,"file_path":"/mZ4FxBHGoRMcuuizaHK65ZBqPrq.jpg","height":1080,"iso_639_1":null,"vote_average":5.25664811379097,"vote_count":14,"width":1920},{"aspect_ratio":1.77777777777778,"file_path":"/mCOZFxPmU0EwiK2LxnEtEDQ3lt4.jpg","height":1080,"iso_639_1":null,"vote_average":5.24542124542125,"vote_count":2,"width":1920},{"aspect_ratio":1.77777777777778,"file_path":"/9ndjAsWkXgymyJ0djuBitfNNWTh.jpg","height":1080,"iso_639_1":null,"vote_average":5.24542124542125,"vote_count":2,"width":1920},{"aspect_ratio":1.77777777777778,"file_path":"/zewnkSXwnRy1LTs8p3QUs4qFRQf.jpg","height":720,"iso_639_1":null,"vote_average":5.07301587301587,"vote_count":12,"width":1280},{"aspect_ratio":1.77777777777778,"file_path":"/nSBZzNNyKOQGkxYvmR6OJnmr0nd.jpg","height":1080,"iso_639_1":null,"vote_average":5.06849315068493,"vote_count":10,"width":1920},{"aspect_ratio":1.77777777777778,"file_path":"/wiir4ORAX1ipao9Q3HspUzRNISv.jpg","height":1080,"iso_639_1":null,"vote_average":5.04240052185258,"vote_count":10,"width":1920},{"aspect_ratio":1.77777777777778,"file_path":"/dbBwK83VsgkDPvDLk9FcpzTDExh.jpg","height":1080,"iso_639_1":null,"vote_average":0.0,"vote_count":0,"width":1920},{"aspect_ratio":1.77777777777778,"file_path":"/y5nbJZtXO88DSGGrhvDxocIh9Yg.jpg","height":1080,"iso_639_1":null,"vote_average":0.0,"vote_count":0,"width":1920},{"aspect_ratio":1.77777777777778,"file_path":"/utzG562dAToNcfi7pH3EVW3Y6qG.jpg","height":1080,"iso_639_1":null,"vote_average":0.0,"vote_count":0,"width":1920},{"aspect_ratio":1.77777777777778,"file_path":"/9ppiF61pW3fXWnSzajA47ducUZY.jpg","height":1080,"iso_639_1":null,"vote_average":0.0,"vote_count":0,"width":1920},{"aspect_ratio":1.77777777777778,"file_path":"/fv183KrilJGQ23ZXABnVSlFjoF7.jpg","height":720,"iso_639_1":null,"vote_average":0.0,"vote_count":0,"width":1280},{"aspect_ratio":1.77777777777778,"file_path":"/FiNNhjoK0yoF9KiU8RBAzXWLXY.jpg","height":1080,"iso_639_1":null,"vote_average":0.0,"vote_count":0,"width":1920},{"aspect_ratio":1.77777777777778,"file_path":"/z1PvYeyxAqtPJC23vfQxLkWEAnO.jpg","height":720,"iso_639_1":null,"vote_average":0.0,"vote_count":0,"width":1280},{"aspect_ratio":1.77777777777778,"file_path":"/rjdSjo3eNDEjPuit8xkk3oqdKO8.jpg","height":1080,"iso_639_1":null,"vote_average":0.0,"vote_count":0,"width":1920},{"aspect_ratio":1.77766990291262,"file_path":"/y6ChTDXHlIy3TIZkrEEJAf2QRcT.jpg","height":1030,"iso_639_1":null,"vote_average":0.0,"vote_count":0,"width":1831}],"posters":[{"aspect_ratio":0.666666666666667,"file_path":"/aWFDGCINBSG0BQHsxQDJtSEDxx7.jpg","height":1500,"iso_639_1":"pt","vote_average":5.77464788732394,"vote_count":8,"width":1000},{"aspect_ratio":0.666666666666667,"file_path":"/lZpWprJqbIFpEV5uoHfoK0KCnTW.jpg","height":1500,"iso_639_1":"en","vote_average":5.61904761904762,"vote_count":22,"width":1000},{"aspect_ratio":0.666666666666667,"file_path":"/gynBNzwyaHKtXqlEKKLioNkjKgN.jpg","height":1500,"iso_639_1":"en","vote_average":5.59948979591837,"vote_count":49,"width":1000},{"aspect_ratio":0.666666666666667,"file_path":"/bfuMEU1Sc4K24j2lSIvDQDCD6ix.jpg","height":1500,"iso_639_1":"de","vote_average":5.58823529411765,"vote_count":5,"width":1000},{"aspect_ratio":0.66625,"file_path":"/hq3jO2nuVBOYpqKUTRk3L64aius.jpg","height":1600,"iso_639_1":"es","vote_average":5.45454545454546,"vote_count":3,"width":1066},{"aspect_ratio":0.667374681393373,"file_path":"/MdaGhp9OiNe8oRY0uuV7IT2OPo.jpg","height":2354,"iso_639_1":"ru","vote_average":5.38461538461539,"vote_count":2,"width":1571},{"aspect_ratio":0.702988505747126,"file_path":"/w7XIkIYc7RdNbYGlB32cupyO8nC.jpg","height":2175,"iso_639_1":"pt","vote_average":5.38461538461539,"vote_count":2,"width":1529},{"aspect_ratio":0.666666666666667,"file_path":"/1RISW2klT6NiCgKnTkcwupodaOO.jpg","height":1500,"iso_639_1":"en","vote_average":5.38302277432712,"vote_count":6,"width":1000},{"aspect_ratio":0.666666666666667,"file_path":"/LCcZvB2Ynxg7JOQgviGwZ3l66L.jpg","height":1500,"iso_639_1":"fr","vote_average":5.38024164889837,"vote_count":4,"width":1000},{"aspect_ratio":0.666666666666667,"file_path":"/2rDe5CCsl58hPiPM7wmzde01Li2.jpg","height":1500,"iso_639_1":"en","vote_average":5.37981859410431,"vote_count":21,"width":1000},{"aspect_ratio":0.666666666666667,"file_path":"/ZPMhHXEhYB33YoTZZNNmezth0V.jpg","height":1500,"iso_639_1":"en","vote_average":5.37634408602151,"vote_count":61,"width":1000},{"aspect_ratio":0.666666666666667,"file_path":"/hxwZlgPGRyV8Idl0nqGkxyiUc0D.jpg","height":1500,"iso_639_1":"es","vote_average":5.35531135531135,"vote_count":2,"width":1000},{"aspect_ratio":0.666666666666667,"file_path":"/aVrLe71iTu38ucvHQgVPhtiLdHF.jpg","height":1500,"iso_639_1":"hu","vote_average":5.32600732600733,"vote_count":2,"width":1000},{"aspect_ratio":0.666666666666667,"file_path":"/65TMLqL8C5KhdmHBRQCvI8u3IUd.jpg","height":1500,"iso_639_1":"en","vote_average":5.32212885154062,"vote_count":5,"width":1000},{"aspect_ratio":0.666666666666667,"file_path":"/dv5vEJ95IolmWSQbAQmDOOOOfW2.jpg","height":1077,"iso_639_1":"en","vote_average":5.31746031746032,"vote_count":3,"width":718},{"aspect_ratio":0.666666666666667,"file_path":"/yUD6k0TbbErSApjgT94iaaDa4BO.jpg","height":1296,"iso_639_1":"en","vote_average":5.3125,"vote_count":1,"width":864},{"aspect_ratio":0.666666666666667,"file_path":"/jsiL5dyy4xOlsGmuSl1wkRJ55hV.jpg","height":1500,"iso_639_1":"en","vote_average":5.3125,"vote_count":1,"width":1000},{"aspect_ratio":0.666666666666667,"file_path":"/kJ4uIrxnl37jBgsST2fo3IOswfD.jpg","height":1500,"iso_639_1":"en","vote_average":5.3125,"vote_count":1,"width":1000},{"aspect_ratio":0.666666666666667,"file_path":"/5LKAcwGj39jz5Z3sAnh1AoEQHov.jpg","height":1500,"iso_639_1":"en","vote_average":5.3125,"vote_count":1,"width":1000},{"aspect_ratio":0.761,"file_path":"/1lhvijK9E2OtUrhgnk3rkWgHzj9.jpg","height":1000,"iso_639_1":"fr","vote_average":5.31024531024531,"vote_count":3,"width":761},{"aspect_ratio":0.666666666666667,"file_path":"/7aAp3I5kw3YdkUnS9dwQjuKqRVz.jpg","height":1500,"iso_639_1":"en","vote_average":5.31024531024531,"vote_count":3,"width":1000},{"aspect_ratio":0.666666666666667,"file_path":"/cGRsOKiQVrvas47UnQPuRXtiSb6.jpg","height":3000,"iso_639_1":null,"vote_average":5.29761904761905,"vote_count":1,"width":2000},{"aspect_ratio":0.666666666666667,"file_path":"/3pFtR2mPxS26wIEcJzkUiyq5Nwg.jpg","height":1500,"iso_639_1":"en","vote_average":5.26515151515151,"vote_count":25,"width":1000},{"aspect_ratio":0.666666666666667,"file_path":"/jBXNFIcjP96bB1CsI6I5OxxyN49.jpg","height":1500,"iso_639_1":"en","vote_average":5.25230987917555,"vote_count":4,"width":1000},{"aspect_ratio":0.666666666666667,"file_path":"/2yPZN8hlJhCrrDIXVLN7O0uLfWc.jpg","height":1500,"iso_639_1":"fr","vote_average":5.25230987917555,"vote_count":4,"width":1000},{"aspect_ratio":0.701262272089762,"file_path":"/gzugqQNXmijo6IlX33YlIYzBoIj.jpg","height":1426,"iso_639_1":"en","vote_average":5.24542124542125,"vote_count":2,"width":1000},{"aspect_ratio":0.666666666666667,"file_path":"/bIgc000W9fbvtRUx34iOHobYuJK.jpg","height":1500,"iso_639_1":"ru","vote_average":5.24542124542125,"vote_count":2,"width":1000},{"aspect_ratio":0.666666666666667,"file_path":"/7otdURO9EhTIR36mMwFLmUJU3hL.jpg","height":1500,"iso_639_1":"de","vote_average":5.24542124542125,"vote_count":2,"width":1000},{"aspect_ratio":0.675496688741722,"file_path":"/5L3yelwP9BVwWFeKgIaSEZWj6rk.jpg","height":755,"iso_639_1":"he","vote_average":5.24542124542125,"vote_count":2,"width":510},{"aspect_ratio":0.7125,"file_path":"/oF438HS6sgRQX1i9mBOeyMGIImD.jpg","height":800,"iso_639_1":"da","vote_average":5.23809523809524,"vote_count":1,"width":570},{"aspect_ratio":0.666666666666667,"file_path":"/4EJWZo67ZoXzYjjovNqQyYOGw1H.jpg","height":1500,"iso_639_1":"it","vote_average":5.22388059701492,"vote_count":4,"width":1000},{"aspect_ratio":0.666666666666667,"file_path":"/vmSQJTjgJoKmB2hNY8VXVtXzqWv.jpg","height":1500,"iso_639_1":"en","vote_average":5.20975056689342,"vote_count":21,"width":1000},{"aspect_ratio":0.666666666666667,"file_path":"/ulFNw7GlJagzYvjgunGVaBT8Geb.jpg","height":1500,"iso_639_1":"en","vote_average":5.2014652014652,"vote_count":2,"width":1000},{"aspect_ratio":0.675496688741722,"file_path":"/4OmIl4ytHEFqf2rpfGs3f9SDFU9.jpg","height":755,"iso_639_1":"he","vote_average":5.2014652014652,"vote_count":2,"width":510},{"aspect_ratio":0.666666666666667,"file_path":"/v42iMUdIel500dAl3JG2ovltvIH.jpg","height":1500,"iso_639_1":"en","vote_average":5.1994851994852,"vote_count":11,"width":1000},{"aspect_ratio":0.666666666666667,"file_path":"/5VPXS2Czer1dVWJtCJMrKPY7csE.jpg","height":1500,"iso_639_1":"en","vote_average":5.18207282913165,"vote_count":5,"width":1000},{"aspect_ratio":0.665399239543726,"file_path":"/p1nxwA1zXCJuKGhctNg3sFGNxuD.jpg","height":3156,"iso_639_1":"en","vote_average":5.18123667377399,"vote_count":4,"width":2100},{"aspect_ratio":0.764489795918367,"file_path":"/ix2ri2UJsIKAXmIysUjJIFay1RS.jpg","height":2450,"iso_639_1":"es","vote_average":5.18037518037518,"vote_count":3,"width":1873},{"aspect_ratio":0.666666666666667,"file_path":"/f2mfQ0WSTJXn7hpCiRgbBsK97Py.jpg","height":750,"iso_639_1":"fr","vote_average":5.17316017316017,"vote_count":3,"width":500},{"aspect_ratio":0.705,"file_path":"/rhmNhizFRff0eqdcDrWlQF7YOJx.jpg","height":1200,"iso_639_1":"hu","vote_average":5.17216117216117,"vote_count":2,"width":846},{"aspect_ratio":0.76,"file_path":"/f65EGlQbghDbNZvOaLxqPFKhjSs.jpg","height":1000,"iso_639_1":"pt","vote_average":5.17113095238095,"vote_count":1,"width":760},{"aspect_ratio":0.666666666666667,"file_path":"/trPU6WwagLtuqwtElnFsh36TDUY.jpg","height":1500,"iso_639_1":"fr","vote_average":5.16369047619048,"vote_count":1,"width":1000},{"aspect_ratio":0.666666666666667,"file_path":"/mAC9D2BmhtkVjcClDWrMLJteHYv.jpg","height":1500,"iso_639_1":"en","vote_average":5.14880952380952,"vote_count":33,"width":1000},{"aspect_ratio":0.68259385665529,"file_path":"/17R7oRzR2ONbFearu1o7yVGzXdl.jpg","height":1172,"iso_639_1":"en","vote_average":5.11727078891258,"vote_count":4,"width":800},{"aspect_ratio":0.680645161290323,"file_path":"/qaQVIujfYB93BeicCeNxnuJkgb0.jpg","height":1240,"iso_639_1":"en","vote_average":5.11727078891258,"vote_count":4,"width":844},{"aspect_ratio":0.666666666666667,"file_path":"/97qraWJ7RJ94KtoAvCkQQY7DRLj.jpg","height":1500,"iso_639_1":"en","vote_average":5.04652435686918,"vote_count":24,"width":1000},{"aspect_ratio":0.666666666666667,"file_path":"/80zT4oIdYCzFPMM0cKU1G6QdOAB.jpg","height":1500,"iso_639_1":"en","vote_average":5.03018108651911,"vote_count":8,"width":1000},{"aspect_ratio":0.701262272089762,"file_path":"/hQbK3uQugauukGy0xJJI8XlPKqP.jpg","height":713,"iso_639_1":"en","vote_average":5.0140056022409,"vote_count":5,"width":500},{"aspect_ratio":0.666666666666667,"file_path":"/3pSWpFm0ra27IRbdJZnjhphWG2w.jpg","height":1500,"iso_639_1":"en","vote_average":4.92828456683878,"vote_count":20,"width":1000},{"aspect_ratio":0.666666666666667,"file_path":"/xVmSCtJwEY3ERzKwaqZuEONUqoS.jpg","height":1500,"iso_639_1":"en","vote_average":4.72748135398738,"vote_count":20,"width":1000},{"aspect_ratio":0.704231830726771,"file_path":"/2g58ZPU8x8BbpOvmp1KU4vqZBkv.jpg","height":2174,"iso_639_1":"en","vote_average":4.66666666666667,"vote_count":12,"width":1531},{"aspect_ratio":0.666666666666667,"file_path":"/cMlwKv1hNgGz7IOi3kT7SIjVtis.jpg","height":1500,"iso_639_1":null,"vote_average":4.66071428571429,"vote_count":17,"width":1000},{"aspect_ratio":0.666666666666667,"file_path":"/p6goxqP4rd4MDJtkrhpXcDo67IN.jpg","height":1500,"iso_639_1":"en","vote_average":4.62081128747795,"vote_count":18,"width":1000},{"aspect_ratio":0.666666666666667,"file_path":"/kXPH28AzCSVptmxUC76sLr8Dh6R.jpg","height":1500,"iso_639_1":null,"vote_average":4.42435201928873,"vote_count":16,"width":1000},{"aspect_ratio":0.720112517580872,"file_path":"/pLwO46nTEZhk4WdZbAD12P2wkXP.jpg","height":1422,"iso_639_1":"en","vote_average":0.0,"vote_count":0,"width":1024},{"aspect_ratio":0.666666666666667,"file_path":"/pqrKbM5KzLM1pjs5qM81gAxgYFs.jpg","height":1500,"iso_639_1":"en","vote_average":0.0,"vote_count":0,"width":1000},{"aspect_ratio":0.666666666666667,"file_path":"/exPCLqoLmVB6q7U1yQ3B4K2Co26.jpg","height":1500,"iso_639_1":"en","vote_average":0.0,"vote_count":0,"width":1000},{"aspect_ratio":0.666666666666667,"file_path":"/4oQBiTYpzxOpL7cZCxrMJ7Qy8gC.jpg","height":1500,"iso_639_1":"en","vote_average":0.0,"vote_count":0,"width":1000},{"aspect_ratio":0.758248009101251,"file_path":"/j4St146neXK8zkRYgrQf2meSBb4.jpg","height":1758,"iso_639_1":"hu","vote_average":0.0,"vote_count":0,"width":1333},{"aspect_ratio":0.6618728028124,"file_path":"/kMgosAunM8XtdSa9m7V2cTqpaiu.jpg","height":3129,"iso_639_1":null,"vote_average":0.0,"vote_count":0,"width":2071},{"aspect_ratio":0.6675,"file_path":"/7pL4XGQVDslizZNEHlilSKhGorC.jpg","height":800,"iso_639_1":"ru","vote_average":0.0,"vote_count":0,"width":534},{"aspect_ratio":0.666666666666667,"file_path":"/3Jmw5c7QjpYfh7gy0lb9IAPU4Aj.jpg","height":1500,"iso_639_1":"en","vote_average":0.0,"vote_count":0,"width":1000}]}'}
      headers:
        access-control-allow-origin: ['*']
        cache-control: ['public, max-age=28800']
        connection: [Close]
        content-length: ['14195']
        content-type: [application/json;charset=utf-8]
        date: ['Fri, 04 Mar 2016 01:54:58 GMT']
        etag: ['"232aa5a0c5113ee200b0957e4a978fde"']
        server: [openresty]
        status: [200 OK]
        vary: [Accept-Encoding]
        x-memc: [HIT]
        x-memc-age: ['21723']
        x-memc-expires: ['7077']
        x-memc-key: [524dd3e49aad18a3c850cb5c35b958dd]
        x-ratelimit-limit: ['40']
        x-ratelimit-remaining: ['27']
        x-ratelimit-reset: ['1457056507']
      status: {code: 200, message: OK}
version: 1
